Check logs below to see if args are correct:
Name: rerun-model-3-rgb
Iterations: 5000
RGB: true
Depth: false
RGD: false
Split Cashe: true
Path: ../../
Running tests...
============================= test session starts ==============================
platform linux -- Python 3.12.4, pytest-8.4.1, pluggy-1.6.0
rootdir: /projects/PUCHALLA/LLP2024/tumor-segmentation/src/Detectron2/training_scripts
plugins: hydra-core-1.3.2
collected 4 items

../../test/test_annotations.py Init Dataset
.
../../test/test_sets.py File Set Validation Report for /projects/PUCHALLA/LLP2024/tumor-segmentation/data/huggingface-repo/useable_data
                =====================================
                Total file sets found: 588
                Complete sets (all 3 files): 588
                Incomplete sets: 0
                
.
../../test/test_sizes.py ..

============================== 4 passed in 29.65s ==============================
Tests successful!
Running training script...
Init Dataset
--DEBUGGING SPLIT_CASHE----
SPLIT_CASHE is True
